
Allocating common symbols
Common symbol       size              file

LEDState            0x1               ./main.o

Discarded input sections

 .group         0x00000000        0x8 ./cmsis_lib/src/misc.o
 .group         0x00000000        0x8 ./cmsis_lib/src/misc.o
 .group         0x00000000        0x8 ./cmsis_lib/src/misc.o
 .group         0x00000000        0x8 ./cmsis_lib/src/misc.o
 .group         0x00000000        0x8 ./cmsis_lib/src/misc.o
 .group         0x00000000        0x8 ./cmsis_lib/src/misc.o
 .group         0x00000000        0x8 ./cmsis_lib/src/misc.o
 .group         0x00000000        0x8 ./cmsis_lib/src/misc.o
 .group         0x00000000        0x8 ./cmsis_lib/src/misc.o
 .group         0x00000000        0x8 ./cmsis_lib/src/misc.o
 .group         0x00000000        0x8 ./cmsis_lib/src/misc.o
 .group         0x00000000        0x8 ./cmsis_lib/src/misc.o
 .group         0x00000000        0x8 ./cmsis_lib/src/misc.o
 .group         0x00000000        0x8 ./cmsis_lib/src/misc.o
 .group         0x00000000        0x8 ./cmsis_lib/src/misc.o
 .text          0x00000000        0x0 ./cmsis_lib/src/misc.o
 .data          0x00000000        0x0 ./cmsis_lib/src/misc.o
 .bss           0x00000000        0x0 ./cmsis_lib/src/misc.o
 .text.NVIC_PriorityGroupConfig
                0x00000000       0x28 ./cmsis_lib/src/misc.o
 .text.NVIC_Init
                0x00000000       0xcc ./cmsis_lib/src/misc.o
 .text.NVIC_SetVectorTable
                0x00000000       0x2c ./cmsis_lib/src/misc.o
 .text.NVIC_SystemLPConfig
                0x00000000       0x54 ./cmsis_lib/src/misc.o
 .text.SysTick_CLKSourceConfig
                0x00000000       0x4c ./cmsis_lib/src/misc.o
 .debug_info    0x00000000      0x524 ./cmsis_lib/src/misc.o
 .debug_abbrev  0x00000000      0x14a ./cmsis_lib/src/misc.o
 .debug_aranges
                0x00000000       0x40 ./cmsis_lib/src/misc.o
 .debug_ranges  0x00000000       0x30 ./cmsis_lib/src/misc.o
 .debug_macro   0x00000000       0xd0 ./cmsis_lib/src/misc.o
 .debug_macro   0x00000000      0x874 ./cmsis_lib/src/misc.o
 .debug_macro   0x00000000       0x5d ./cmsis_lib/src/misc.o
 .debug_macro   0x00000000       0x35 ./cmsis_lib/src/misc.o
 .debug_macro   0x00000000       0x52 ./cmsis_lib/src/misc.o
 .debug_macro   0x00000000       0x16 ./cmsis_lib/src/misc.o
 .debug_macro   0x00000000       0x35 ./cmsis_lib/src/misc.o
 .debug_macro   0x00000000       0xa2 ./cmsis_lib/src/misc.o
 .debug_macro   0x00000000      0x20e ./cmsis_lib/src/misc.o
 .debug_macro   0x00000000       0x18 ./cmsis_lib/src/misc.o
 .debug_macro   0x00000000       0x42 ./cmsis_lib/src/misc.o
 .debug_macro   0x00000000      0x8cb ./cmsis_lib/src/misc.o
 .debug_macro   0x00000000     0x8057 ./cmsis_lib/src/misc.o
 .debug_macro   0x00000000       0x10 ./cmsis_lib/src/misc.o
 .debug_macro   0x00000000       0x35 ./cmsis_lib/src/misc.o
 .debug_macro   0x00000000       0x79 ./cmsis_lib/src/misc.o
 .debug_line    0x00000000      0x318 ./cmsis_lib/src/misc.o
 .debug_str     0x00000000    0x344e8 ./cmsis_lib/src/misc.o
 .comment       0x00000000       0x47 ./cmsis_lib/src/misc.o
 .ARM.attributes
                0x00000000       0x37 ./cmsis_lib/src/misc.o
 .debug_frame   0x00000000       0x9c ./cmsis_lib/src/misc.o
 .group         0x00000000        0x8 ./cmsis_boot/startup/startup_stm32f4xx.o
 .text          0x00000000        0x0 ./cmsis_boot/startup/startup_stm32f4xx.o
 .data          0x00000000        0x0 ./cmsis_boot/startup/startup_stm32f4xx.o
 .bss           0x00000000        0x0 ./cmsis_boot/startup/startup_stm32f4xx.o
 .debug_macro   0x00000000      0x874 ./cmsis_boot/startup/startup_stm32f4xx.o
 .group         0x00000000        0x8 ./cmsis_boot/system_stm32f4xx.o
 .group         0x00000000        0x8 ./cmsis_boot/system_stm32f4xx.o
 .group         0x00000000        0x8 ./cmsis_boot/system_stm32f4xx.o
 .group         0x00000000        0x8 ./cmsis_boot/system_stm32f4xx.o
 .group         0x00000000        0x8 ./cmsis_boot/system_stm32f4xx.o
 .group         0x00000000        0x8 ./cmsis_boot/system_stm32f4xx.o
 .group         0x00000000        0x8 ./cmsis_boot/system_stm32f4xx.o
 .group         0x00000000        0x8 ./cmsis_boot/system_stm32f4xx.o
 .group         0x00000000        0x8 ./cmsis_boot/system_stm32f4xx.o
 .group         0x00000000        0x8 ./cmsis_boot/system_stm32f4xx.o
 .group         0x00000000        0x8 ./cmsis_boot/system_stm32f4xx.o
 .group         0x00000000        0x8 ./cmsis_boot/system_stm32f4xx.o
 .group         0x00000000        0x8 ./cmsis_boot/system_stm32f4xx.o
 .group         0x00000000        0x8 ./cmsis_boot/system_stm32f4xx.o
 .text          0x00000000        0x0 ./cmsis_boot/system_stm32f4xx.o
 .data          0x00000000        0x0 ./cmsis_boot/system_stm32f4xx.o
 .bss           0x00000000        0x0 ./cmsis_boot/system_stm32f4xx.o
 .data.SystemCoreClock
                0x00000000        0x4 ./cmsis_boot/system_stm32f4xx.o
 .data.AHBPrescTable
                0x00000000       0x10 ./cmsis_boot/system_stm32f4xx.o
 .text.SystemInit
                0x00000000       0xac ./cmsis_boot/system_stm32f4xx.o
 .text.SystemCoreClockUpdate
                0x00000000      0x154 ./cmsis_boot/system_stm32f4xx.o
 .text.SetSysClock
                0x00000000      0x17c ./cmsis_boot/system_stm32f4xx.o
 .debug_info    0x00000000      0x56e ./cmsis_boot/system_stm32f4xx.o
 .debug_abbrev  0x00000000      0x13b ./cmsis_boot/system_stm32f4xx.o
 .debug_aranges
                0x00000000       0x30 ./cmsis_boot/system_stm32f4xx.o
 .debug_ranges  0x00000000       0x20 ./cmsis_boot/system_stm32f4xx.o
 .debug_macro   0x00000000       0xde ./cmsis_boot/system_stm32f4xx.o
 .debug_macro   0x00000000      0x874 ./cmsis_boot/system_stm32f4xx.o
 .debug_macro   0x00000000       0x5d ./cmsis_boot/system_stm32f4xx.o
 .debug_macro   0x00000000       0x35 ./cmsis_boot/system_stm32f4xx.o
 .debug_macro   0x00000000       0x52 ./cmsis_boot/system_stm32f4xx.o
 .debug_macro   0x00000000       0x16 ./cmsis_boot/system_stm32f4xx.o
 .debug_macro   0x00000000       0x35 ./cmsis_boot/system_stm32f4xx.o
 .debug_macro   0x00000000       0xa2 ./cmsis_boot/system_stm32f4xx.o
 .debug_macro   0x00000000      0x20e ./cmsis_boot/system_stm32f4xx.o
 .debug_macro   0x00000000       0x18 ./cmsis_boot/system_stm32f4xx.o
 .debug_macro   0x00000000       0x42 ./cmsis_boot/system_stm32f4xx.o
 .debug_macro   0x00000000      0x8cb ./cmsis_boot/system_stm32f4xx.o
 .debug_macro   0x00000000     0x8057 ./cmsis_boot/system_stm32f4xx.o
 .debug_macro   0x00000000       0x10 ./cmsis_boot/system_stm32f4xx.o
 .debug_macro   0x00000000       0x35 ./cmsis_boot/system_stm32f4xx.o
 .debug_line    0x00000000      0x292 ./cmsis_boot/system_stm32f4xx.o
 .debug_str     0x00000000    0x34031 ./cmsis_boot/system_stm32f4xx.o
 .comment       0x00000000       0x47 ./cmsis_boot/system_stm32f4xx.o
 .ARM.attributes
                0x00000000       0x37 ./cmsis_boot/system_stm32f4xx.o
 .debug_frame   0x00000000       0x64 ./cmsis_boot/system_stm32f4xx.o
 .group         0x00000000        0x8 ./main.o
 .group         0x00000000        0x8 ./main.o
 .group         0x00000000        0x8 ./main.o
 .group         0x00000000        0x8 ./main.o
 .group         0x00000000        0x8 ./main.o
 .group         0x00000000        0x8 ./main.o
 .group         0x00000000        0x8 ./main.o
 .group         0x00000000        0x8 ./main.o
 .group         0x00000000        0x8 ./main.o
 .group         0x00000000        0x8 ./main.o
 .group         0x00000000        0x8 ./main.o
 .group         0x00000000        0x8 ./main.o
 .group         0x00000000        0x8 ./main.o
 .group         0x00000000        0x8 ./main.o
 .group         0x00000000        0x8 ./main.o
 .text          0x00000000        0x0 ./main.o
 .data          0x00000000        0x0 ./main.o
 .bss           0x00000000        0x0 ./main.o
 .debug_macro   0x00000000      0x874 ./main.o
 .debug_macro   0x00000000       0x5d ./main.o
 .debug_macro   0x00000000       0x35 ./main.o
 .debug_macro   0x00000000       0x52 ./main.o
 .debug_macro   0x00000000       0x16 ./main.o
 .debug_macro   0x00000000       0x35 ./main.o
 .debug_macro   0x00000000       0xa2 ./main.o
 .debug_macro   0x00000000      0x20e ./main.o
 .debug_macro   0x00000000       0x18 ./main.o
 .debug_macro   0x00000000       0x42 ./main.o
 .debug_macro   0x00000000      0x8cb ./main.o
 .debug_macro   0x00000000     0x8057 ./main.o
 .debug_macro   0x00000000       0x10 ./main.o
 .debug_macro   0x00000000       0x35 ./main.o
 .debug_macro   0x00000000       0x79 ./main.o

Memory Configuration

Name             Origin             Length             Attributes
rom              0x08000000         0x00100000         xr
ram              0x20000000         0x00020000         xrw
ram1             0x10000000         0x00010000         xrw
*default*        0x00000000         0xffffffff

Linker script and memory map

LOAD ./cmsis_lib/src/misc.o
LOAD ./cmsis_boot/startup/startup_stm32f4xx.o
LOAD ./cmsis_boot/system_stm32f4xx.o
LOAD ./main.o
START GROUP
LOAD /opt/arm-2014.05/bin/../lib/gcc/arm-none-eabi/4.8.3/thumb2/libgcc.a
LOAD /opt/arm-2014.05/bin/../lib/gcc/arm-none-eabi/4.8.3/../../../../arm-none-eabi/lib/thumb2/libc.a
END GROUP
                0x20020000                _eram = 0x20020000

.text           0x08000000      0x34c
 *(.isr_vector .isr_vector.*)
 .isr_vector    0x08000000      0x188 ./cmsis_boot/startup/startup_stm32f4xx.o
                0x08000000                g_pfnVectors
 *(.text .text.* .gnu.linkonce.t.*)
 .text.Default_Reset_Handler
                0x08000188       0x60 ./cmsis_boot/startup/startup_stm32f4xx.o
                0x08000188                Reset_Handler
                0x08000188                Default_Reset_Handler
 .text.Default_Handler
                0x080001e8        0x8 ./cmsis_boot/startup/startup_stm32f4xx.o
                0x080001e8                RTC_Alarm_IRQHandler
                0x080001e8                HASH_RNG_IRQHandler
                0x080001e8                EXTI2_IRQHandler
                0x080001e8                TIM8_CC_IRQHandler
                0x080001e8                DebugMon_Handler
                0x080001e8                TIM1_CC_IRQHandler
                0x080001e8                DMA2_Stream5_IRQHandler
                0x080001e8                HardFault_Handler
                0x080001e8                DMA1_Stream5_IRQHandler
                0x080001e8                SysTick_Handler
                0x080001e8                PVD_IRQHandler
                0x080001e8                SDIO_IRQHandler
                0x080001e8                TAMP_STAMP_IRQHandler
                0x080001e8                PendSV_Handler
                0x080001e8                NMI_Handler
                0x080001e8                CAN2_RX1_IRQHandler
                0x080001e8                EXTI3_IRQHandler
                0x080001e8                TIM8_TRG_COM_TIM14_IRQHandler
                0x080001e8                TIM1_UP_TIM10_IRQHandler
                0x080001e8                TIM8_UP_TIM13_IRQHandler
                0x080001e8                I2C3_ER_IRQHandler
                0x080001e8                EXTI0_IRQHandler
                0x080001e8                I2C2_EV_IRQHandler
                0x080001e8                DMA1_Stream2_IRQHandler
                0x080001e8                CAN1_RX0_IRQHandler
                0x080001e8                FPU_IRQHandler
                0x080001e8                OTG_HS_WKUP_IRQHandler
                0x080001e8                UsageFault_Handler
                0x080001e8                CAN2_SCE_IRQHandler
                0x080001e8                DMA2_Stream2_IRQHandler
                0x080001e8                SPI1_IRQHandler
                0x080001e8                TIM6_DAC_IRQHandler
                0x080001e8                TIM1_BRK_TIM9_IRQHandler
                0x080001e8                DCMI_IRQHandler
                0x080001e8                CAN2_RX0_IRQHandler
                0x080001e8                DMA2_Stream3_IRQHandler
                0x080001e8                USART6_IRQHandler
                0x080001e8                USART3_IRQHandler
                0x080001e8                CRYP_IRQHandler
                0x080001e8                CAN1_RX1_IRQHandler
                0x080001e8                UART5_IRQHandler
                0x080001e8                DMA2_Stream0_IRQHandler
                0x080001e8                TIM4_IRQHandler
                0x080001e8                I2C1_EV_IRQHandler
                0x080001e8                DMA1_Stream6_IRQHandler
                0x080001e8                DMA1_Stream1_IRQHandler
                0x080001e8                UART4_IRQHandler
                0x080001e8                TIM3_IRQHandler
                0x080001e8                RCC_IRQHandler
                0x080001e8                TIM8_BRK_TIM12_IRQHandler
                0x080001e8                EXTI15_10_IRQHandler
                0x080001e8                ADC_IRQHandler
                0x080001e8                DMA1_Stream7_IRQHandler
                0x080001e8                TIM7_IRQHandler
                0x080001e8                CAN2_TX_IRQHandler
                0x080001e8                TIM5_IRQHandler
                0x080001e8                DMA2_Stream7_IRQHandler
                0x080001e8                I2C3_EV_IRQHandler
                0x080001e8                EXTI9_5_IRQHandler
                0x080001e8                RTC_WKUP_IRQHandler
                0x080001e8                ETH_WKUP_IRQHandler
                0x080001e8                SPI2_IRQHandler
                0x080001e8                OTG_HS_EP1_IN_IRQHandler
                0x080001e8                MemManage_Handler
                0x080001e8                DMA1_Stream0_IRQHandler
                0x080001e8                CAN1_TX_IRQHandler
                0x080001e8                SVC_Handler
                0x080001e8                EXTI4_IRQHandler
                0x080001e8                FSMC_IRQHandler
                0x080001e8                ETH_IRQHandler
                0x080001e8                OTG_HS_EP1_OUT_IRQHandler
                0x080001e8                WWDG_IRQHandler
                0x080001e8                TIM2_IRQHandler
                0x080001e8                OTG_FS_WKUP_IRQHandler
                0x080001e8                TIM1_TRG_COM_TIM11_IRQHandler
                0x080001e8                OTG_HS_IRQHandler
                0x080001e8                EXTI1_IRQHandler
                0x080001e8                USART2_IRQHandler
                0x080001e8                I2C2_ER_IRQHandler
                0x080001e8                DMA2_Stream1_IRQHandler
                0x080001e8                CAN1_SCE_IRQHandler
                0x080001e8                FLASH_IRQHandler
                0x080001e8                DMA2_Stream4_IRQHandler
                0x080001e8                BusFault_Handler
                0x080001e8                USART1_IRQHandler
                0x080001e8                OTG_FS_IRQHandler
                0x080001e8                SPI3_IRQHandler
                0x080001e8                DMA1_Stream4_IRQHandler
                0x080001e8                I2C1_ER_IRQHandler
                0x080001e8                DMA2_Stream6_IRQHandler
                0x080001e8                DMA1_Stream3_IRQHandler
 .text.setup_leds
                0x080001f0       0x3c ./main.o
 .text.switch_leds_off
                0x0800022c       0x18 ./main.o
 .text.turnLed  0x08000244       0x74 ./main.o
 .text.setNextLed
                0x080002b8       0x7c ./main.o
                0x080002b8                setNextLed
 .text.main     0x08000334       0x18 ./main.o
                0x08000334                main
 *(.glue_7t)
 .glue_7t       0x00000000        0x0 linker stubs
 *(.glue_7)
 .glue_7        0x00000000        0x0 linker stubs
 *(.rodata .rodata* .gnu.linkonce.r.*)

.vfp11_veneer   0x0800034c        0x0
 .vfp11_veneer  0x00000000        0x0 linker stubs

.v4_bx          0x0800034c        0x0
 .v4_bx         0x00000000        0x0 linker stubs

.iplt           0x0800034c        0x0
 .iplt          0x00000000        0x0 ./cmsis_lib/src/misc.o

.rel.dyn        0x0800034c        0x0
 .rel.iplt      0x00000000        0x0 ./cmsis_lib/src/misc.o

.ARM.extab
 *(.ARM.extab* .gnu.linkonce.armextab.*)

.ARM.exidx
 *(.ARM.exidx* .gnu.linkonce.armexidx.*)
                0x0800034c                . = ALIGN (0x4)
                0x0800034c                _etext = .
                0x0800034c                _sidata = .

.data           0x20000000        0x0 load address 0x0800034c
                0x20000000                _sdata = .
 *(.data .data.*)
                0x20000000                . = ALIGN (0x4)
                0x20000000                _edata = .

.igot.plt       0x20000000        0x0
 .igot.plt      0x00000000        0x0 ./cmsis_lib/src/misc.o

.bss            0x20000000        0x4
                0x20000000                _sbss = .
 *(.bss .bss.*)
 *(COMMON)
 COMMON         0x20000000        0x1 ./main.o
                0x20000000                LEDState
                0x20000004                . = ALIGN (0x4)
 *fill*         0x20000001        0x3 
                0x20000004                _ebss = .

.co_stack       0x20000004      0x804
                0x20000008                . = ALIGN (0x8)
 *fill*         0x20000004        0x4 
 *(.co_stack .co_stack.*)
 .co_stack      0x20000008      0x800 ./cmsis_boot/startup/startup_stm32f4xx.o
                0x20000008                pulStack
                0x20000808                . = ALIGN (0x4)
                0x20000808                _end = .
OUTPUT(02F4_Template.elf elf32-littlearm)

.debug_info     0x00000000      0x481
 .debug_info    0x00000000       0xf5 ./cmsis_boot/startup/startup_stm32f4xx.o
 .debug_info    0x000000f5      0x38c ./main.o

.debug_abbrev   0x00000000      0x1d0
 .debug_abbrev  0x00000000       0xb5 ./cmsis_boot/startup/startup_stm32f4xx.o
 .debug_abbrev  0x000000b5      0x11b ./main.o

.debug_aranges  0x00000000       0x68
 .debug_aranges
                0x00000000       0x28 ./cmsis_boot/startup/startup_stm32f4xx.o
 .debug_aranges
                0x00000028       0x40 ./main.o

.debug_ranges   0x00000000       0x48
 .debug_ranges  0x00000000       0x18 ./cmsis_boot/startup/startup_stm32f4xx.o
 .debug_ranges  0x00000018       0x30 ./main.o

.debug_macro    0x00000000      0x105
 .debug_macro   0x00000000       0x1d ./cmsis_boot/startup/startup_stm32f4xx.o
 .debug_macro   0x0000001d       0xe8 ./main.o

.debug_line     0x00000000      0x395
 .debug_line    0x00000000       0x7c ./cmsis_boot/startup/startup_stm32f4xx.o
 .debug_line    0x0000007c      0x319 ./main.o

.debug_str      0x00000000    0x3446f
 .debug_str     0x00000000     0x2541 ./cmsis_boot/startup/startup_stm32f4xx.o
                               0x2553 (size before relaxing)
 .debug_str     0x00002541    0x31f2e ./main.o
                              0x34467 (size before relaxing)

.comment        0x00000000       0x46
 .comment       0x00000000       0x46 ./cmsis_boot/startup/startup_stm32f4xx.o
                                 0x47 (size before relaxing)
 .comment       0x00000000       0x47 ./main.o

.ARM.attributes
                0x00000000       0x37
 .ARM.attributes
                0x00000000       0x37 ./cmsis_boot/startup/startup_stm32f4xx.o
 .ARM.attributes
                0x00000037       0x37 ./main.o

.debug_frame    0x00000000       0xd8
 .debug_frame   0x00000000       0x48 ./cmsis_boot/startup/startup_stm32f4xx.o
 .debug_frame   0x00000048       0x90 ./main.o
